0 verbose cli C:\Program Files\nodejs\node.exe C:\Users\Felipe\AppData\Roaming\npm\node_modules\npm\bin\npm-cli.js
1 info using npm@9.9.3
2 info using node@v20.12.2
3 timing npm:load:whichnode Completed in 2ms
4 timing config:load:defaults Completed in 3ms
5 timing config:load:file:C:\Users\Felipe\AppData\Roaming\npm\node_modules\npm\npmrc Completed in 4ms
6 timing config:load:builtin Completed in 4ms
7 timing config:load:cli Completed in 2ms
8 timing config:load:env Completed in 0ms
9 timing config:load:file:F:\TESIS\Entregar\front-main\.npmrc Completed in 0ms
10 timing config:load:project Completed in 3ms
11 timing config:load:file:C:\Users\Felipe\.npmrc Completed in 0ms
12 timing config:load:user Completed in 0ms
13 timing config:load:file:C:\Users\Felipe\AppData\Roaming\npm\etc\npmrc Completed in 0ms
14 timing config:load:global Completed in 0ms
15 timing config:load:setEnvs Completed in 1ms
16 timing config:load Completed in 15ms
17 timing npm:load:configload Completed in 15ms
18 timing config:load:flatten Completed in 2ms
19 timing npm:load:mkdirpcache Completed in 1ms
20 timing npm:load:mkdirplogs Completed in 0ms
21 verbose title npm install
22 verbose argv "install" "--cache" ".npm-cache"
23 timing npm:load:setTitle Completed in 0ms
24 timing npm:load:display Completed in 1ms
25 verbose logfile logs-max:10 dir:F:\TESIS\Entregar\front-main\.npm-cache\_logs\2026-03-23T18_46_30_764Z-
26 verbose logfile F:\TESIS\Entregar\front-main\.npm-cache\_logs\2026-03-23T18_46_30_764Z-debug-0.log
27 timing npm:load:logFile Completed in 11ms
28 timing npm:load:timers Completed in 0ms
29 timing npm:load:configScope Completed in 0ms
30 timing npm:load Completed in 61ms
31 timing arborist:ctor Completed in 1ms
32 silly logfile done cleaning log files
33 timing idealTree:init Completed in 7ms
34 timing idealTree:userRequests Completed in 0ms
35 silly idealTree buildDeps
36 silly fetch manifest @angular/animations@^17.0.2
37 verbose shrinkwrap failed to load node_modules/.package-lock.json out of date, updated: node_modules
38 http fetch GET 200 https://registry.npmjs.org/@angular%2fanimations 1924ms (cache miss)
39 silly fetch manifest @angular/core@^17.0.2
40 http fetch GET 200 https://registry.npmjs.org/npm 2028ms (cache miss)
41 http fetch GET 200 https://registry.npmjs.org/@angular%2fcore 1105ms (cache miss)
42 silly fetch manifest rxjs@^7.8.1
43 http fetch GET 200 https://registry.npmjs.org/rxjs 52ms (cache miss)
44 silly fetch manifest zone.js@~0.14.2
45 http fetch GET 200 https://registry.npmjs.org/zone.js 496ms (cache miss)
46 silly fetch manifest @angular/common@^17.0.2
47 http fetch GET 200 https://registry.npmjs.org/@angular%2fcommon 1080ms (cache miss)
48 silly fetch manifest @angular/compiler@^17.0.2
49 http fetch GET 200 https://registry.npmjs.org/@angular%2fcompiler 94ms (cache miss)
50 silly fetch manifest @angular/forms@^17.0.2
51 http fetch GET 200 https://registry.npmjs.org/@angular%2fforms 109ms (cache miss)
52 silly fetch manifest @angular/platform-browser@^17.0.2
53 http fetch GET 200 https://registry.npmjs.org/@angular%2fplatform-browser 103ms (cache miss)
54 silly fetch manifest @angular/language-service@^17.0.2
55 http fetch GET 200 https://registry.npmjs.org/@angular%2flanguage-service 109ms (cache miss)
56 silly fetch manifest @angular/localize@^17.0.2
57 http fetch GET 200 https://registry.npmjs.org/@angular%2flocalize 828ms (cache miss)
58 silly fetch manifest @angular/compiler-cli@^17.0.2
59 http fetch GET 200 https://registry.npmjs.org/@angular%2fcompiler-cli 91ms (cache miss)
60 silly fetch manifest typescript@~5.2.2
61 http fetch GET 200 https://registry.npmjs.org/typescript 180ms (cache miss)
62 silly fetch manifest @angular/material@^17.0.0
63 http fetch GET 200 https://registry.npmjs.org/@angular%2fmaterial 91ms (cache miss)
64 silly fetch manifest @angular/cdk@17.3.10
65 http fetch GET 200 https://registry.npmjs.org/@angular%2fcdk 85ms (cache miss)
66 silly fetch manifest @angular/platform-browser-dynamic@^17.0.2
67 http fetch GET 200 https://registry.npmjs.org/@angular%2fplatform-browser-dynamic 266ms (cache miss)
68 silly fetch manifest @angular/router@^17.0.2
69 http fetch GET 200 https://registry.npmjs.org/@angular%2frouter 95ms (cache miss)
70 silly fetch manifest @fortawesome/fontawesome-free@^6.4.2
71 http fetch GET 200 https://registry.npmjs.org/@fortawesome%2ffontawesome-free 258ms (cache miss)
72 silly fetch manifest @fullcalendar/angular@^6.1.9
73 http fetch GET 200 https://registry.npmjs.org/@fullcalendar%2fangular 943ms (cache miss)
74 silly fetch manifest @fullcalendar/core@^6.1.9
75 http fetch GET 200 https://registry.npmjs.org/@fullcalendar%2fcore 545ms (cache miss)
76 silly fetch manifest @fullcalendar/bootstrap@^6.1.9
77 http fetch GET 200 https://registry.npmjs.org/@fullcalendar%2fbootstrap 673ms (cache miss)
78 silly fetch manifest @fullcalendar/daygrid@^6.1.9
79 http fetch GET 200 https://registry.npmjs.org/@fullcalendar%2fdaygrid 541ms (cache miss)
80 silly fetch manifest @fullcalendar/interaction@^6.1.9
81 http fetch GET 200 https://registry.npmjs.org/@fullcalendar%2finteraction 664ms (cache miss)
82 silly fetch manifest @fullcalendar/list@^6.1.9
83 http fetch GET 200 https://registry.npmjs.org/@fullcalendar%2flist 549ms (cache miss)
84 silly fetch manifest @fullcalendar/resource-timegrid@^6.1.9
85 http fetch GET 200 https://registry.npmjs.org/@fullcalendar%2fresource-timegrid 890ms (cache miss)
86 silly fetch manifest @fullcalendar/resource@~6.1.20
87 http fetch GET 200 https://registry.npmjs.org/@fullcalendar%2fresource 879ms (cache miss)
88 silly fetch manifest @fullcalendar/timegrid@^6.1.9
89 http fetch GET 200 https://registry.npmjs.org/@fullcalendar%2ftimegrid 555ms (cache miss)
90 silly fetch manifest @ng-bootstrap/ng-bootstrap@^15.1.2
91 http fetch GET 200 https://registry.npmjs.org/@ng-bootstrap%2fng-bootstrap 545ms (cache miss)
92 silly fetch manifest @angular/common@^16.0.0
93 timing idealTree Completed in 14134ms
94 timing command:install Completed in 14202ms
95 notice
95 notice New major version of npm available! 9.9.3 -> 11.12.0
95 notice Changelog: <https://github.com/npm/cli/releases/tag/v11.12.0>
95 notice Run `npm install -g npm@11.12.0` to update!
95 notice
96 verbose stack Error: unable to resolve dependency tree
96 verbose stack     at #failPeerConflict (C:\Users\Felipe\AppData\Roaming\npm\node_modules\npm\node_modules\@npmcli\arborist\lib\arborist\build-ideal-tree.js:1376:25)
96 verbose stack     at #loadPeerSet (C:\Users\Felipe\AppData\Roaming\npm\node_modules\npm\node_modules\@npmcli\arborist\lib\arborist\build-ideal-tree.js:1342:33)
96 verbose stack     at async #buildDepStep (C:\Users\Felipe\AppData\Roaming\npm\node_modules\npm\node_modules\@npmcli\arborist\lib\arborist\build-ideal-tree.js:917:11)
96 verbose stack     at async Arborist.buildIdealTree (C:\Users\Felipe\AppData\Roaming\npm\node_modules\npm\node_modules\@npmcli\arborist\lib\arborist\build-ideal-tree.js:196:7)
96 verbose stack     at async Promise.all (index 1)
96 verbose stack     at async Arborist.reify (C:\Users\Felipe\AppData\Roaming\npm\node_modules\npm\node_modules\@npmcli\arborist\lib\arborist\reify.js:159:5)
96 verbose stack     at async Install.exec (C:\Users\Felipe\AppData\Roaming\npm\node_modules\npm\lib\commands\install.js:151:5)
96 verbose stack     at async module.exports (C:\Users\Felipe\AppData\Roaming\npm\node_modules\npm\lib\cli-entry.js:61:5)
97 verbose cwd F:\TESIS\Entregar\front-main
98 verbose Windows_NT 10.0.26200
99 verbose node v20.12.2
100 verbose npm  v9.9.3
101 error code ERESOLVE
102 error ERESOLVE unable to resolve dependency tree
103 error
104 error While resolving: color-admin-dos@5.3.2
104 error Found: @angular/common@17.3.12
104 error node_modules/@angular/common
104 error   @angular/common@"^17.0.2" from the root project
104 error
104 error Could not resolve dependency:
104 error peer @angular/common@"^16.0.0" from @ng-bootstrap/ng-bootstrap@15.1.2
104 error node_modules/@ng-bootstrap/ng-bootstrap
104 error   @ng-bootstrap/ng-bootstrap@"^15.1.2" from the root project
104 error
104 error Fix the upstream dependency conflict, or retry
104 error this command with --force or --legacy-peer-deps
104 error to accept an incorrect (and potentially broken) dependency resolution.
105 error
105 error
105 error For a full report see:
105 error F:\TESIS\Entregar\front-main\.npm-cache\_logs\2026-03-23T18_46_30_764Z-eresolve-report.txt
106 verbose exit 1
107 timing npm Completed in 14849ms
108 verbose unfinished npm timer reify 1774291591400
109 verbose unfinished npm timer reify:loadTrees 1774291591463
110 verbose unfinished npm timer idealTree:buildDeps 1774291591473
111 verbose unfinished npm timer idealTree:#root 1774291591474
112 verbose code 1
113 error A complete log of this run can be found in: F:\TESIS\Entregar\front-main\.npm-cache\_logs\2026-03-23T18_46_30_764Z-debug-0.log
